Vercel CLI 50.15.1
Retrieving project…
Deploying dalirycs-projects/expertsia-clean
Uploading [--------------------] (0.0B/5.2KB)
Uploading [===============-----] (4.1KB/5.2KB)
Uploading [===================-] (5.0KB/5.2KB)
Uploading [====================] (5.2KB/5.2KB)
Inspect: https://vercel.com/dalirycs-projects/expertsia-clean/J4eUCG54iG9obRYEkzr5jdxAdzGf [2s]
Production: https://expertsia-clean-e72vu2rvw-dalirycs-projects.vercel.app [2s]
https://expertsia-clean-e72vu2rvw-dalirycs-projects.vercel.appBuilding...
Building...
Building: Running build in Washington, D.C., USA (East) – iad1
Building: Build machine configuration: 2 cores, 8 GB
Building: Retrieving list of deployment files...
Building: Previous build caches not available.
Building: Downloading 27 deployment files...
Building: Running "vercel build"
Building: Vercel CLI 50.32.4
Building: Installing dependencies...
Building: added 360 packages in 35s
Building: 144 packages are looking for funding
Building: run `npm fund` for details
Building: Detected Next.js version: 16.1.7
Building: Running "npm run build"
Building: > expertsia-clean@0.1.0 build
Building: > next build
Building: Attention: Next.js now collects completely anonymous telemetry regarding usage.
Building: This information is used to shape Next.js' roadmap and prioritize features.
Building: You can learn more, including how to opt-out if you'd not like to participate in this anonymous program, by visiting the following URL:
Building: https://nextjs.org/telemetry
Building: ▲ Next.js 16.1.7 (Turbopack)
Building: Creating an optimized production build ...
Building: ✓ Compiled successfully in 4.0s
Building: Running TypeScript ...
Building: We detected TypeScript in your project and reconfigured your tsconfig.json file for you.
Building: The following suggested values were added to your tsconfig.json. These values can be changed to fit your project's needs:
Building: - target was set to ES2017 (For top-level `await`. Note: Next.js only polyfills for the esmodules target.)
Building: - include was updated to add '.next/dev/types/**/*.ts'
Building: The following mandatory changes were made to your tsconfig.json:
Building: - jsx was set to react-jsx (next.js uses the React automatic runtime)
Error: Command "npm run build" exited with 1
